00:00 +0: loading C:/Users/lnell/Documents/workspace/GitHub/medi_connect/test/db_check_test.dart
00:00 +0: Query appointments types and statuses
Unique Types: {}
Unique Statuses: {}
Total appointments: 0
00:00 +0 -1: Query appointments types and statuses [E]
  Exception: Done checking
  test\db_check_test.dart 26:5  main.<fn>
  
00:00 +0 -1: Some tests failed.

Failing tests:
  C:/Users/lnell/Documents/workspace/GitHub/medi_connect/test/db_check_test.dart: Query appointments types and statuses
